// Jest Snapshot v1, https://goo.gl/fbAQLP

exports[`prieba en GifItem debe de hacer match con el snapshot  1`] = `
<div>
  <div
    class="card"
  >
    <img
      alt="Saitama"
      src="https://ono-punch.com/saitama.jgp"
    />
    <p>
       
      Saitama
       
    </p>
  </div>
</div>
`;
